[     498ms] [LOG] ws://localhost:8282 @ http://localhost:8283/assets/index-CNqQmkd4.js:42
[     499ms] [LOG] %c[PLATFORM] Web background-color: #6366f1; color: white; padding: 3px; border-radius: 3px; @ http://localhost:8283/assets/index-CNqQmkd4.js:42
[     504ms] [LOG] useAuth false @ http://localhost:8283/assets/index-CNqQmkd4.js:280
[     527ms] [LOG] %cOpenMCP Client 启动 background-color: #6366f1; color: white; padding: 3px; border-radius: 3px; @ http://localhost:8283/assets/index-CNqQmkd4.js:42
[     673ms] [LOG] %c准备请求设置 background-color: #6366f1; color: white; padding: 3px; border-radius: 3px; @ http://localhost:8283/assets/index-CNqQmkd4.js:42
[     675ms] [LOG] send {command: lookup-env-var, data: Object} @ http://localhost:8283/assets/index-CNqQmkd4.js:42
[     675ms] [LOG] send {command: setting/load, data: Object} @ http://localhost:8283/assets/index-CNqQmkd4.js:42
[     675ms] [LOG] send {command: setting/get-tour, data: Object} @ http://localhost:8283/assets/index-CNqQmkd4.js:42
[     677ms] [LOG] %c消息桥连接完成 background-color:rgb(100, 200, 100); color: white; padding: 3px; border-radius: 3px; @ http://localhost:8283/assets/index-CNqQmkd4.js:42
[     677ms] [LOG] %cversion: 0.0.1 background-color:rgb(100, 200, 100); color: white; padding: 3px; border-radius: 3px; @ http://localhost:8283/assets/index-CNqQmkd4.js:42
[     722ms] [LOG] send {command: servers/replace-all, data: Object} @ http://localhost:8283/assets/index-CNqQmkd4.js:42
[     723ms] [LOG] %c配置加载成功 background-color: #6366f1; color: white; padding: 3px; border-radius: 3px; @ http://localhost:8283/assets/index-CNqQmkd4.js:42
[     723ms] [LOG] %c获取引导状态成功 true background-color: #6366f1; color: white; padding: 3px; border-radius: 3px; @ http://localhost:8283/assets/index-CNqQmkd4.js:42
[     724ms] [LOG] send {command: connect/list, data: Object} @ http://localhost:8283/assets/index-CNqQmkd4.js:42
[     738ms] [LOG] send {command: servers/list, data: Object} @ http://localhost:8283/assets/index-CNqQmkd4.js:42
[     741ms] [ERROR] TypeError: Cannot set properties of undefined (setting 'connectionSettingRef')
    at ref (http://localhost:8283/assets/index-CNqQmkd4.js:819:92375)
    at Jeu (http://localhost:8283/assets/index-CNqQmkd4.js:13:39)
    at nuu (http://localhost:8283/assets/index-CNqQmkd4.js:13:11562)
    at Cu (http://localhost:8283/assets/index-CNqQmkd4.js:13:38823)
    at xu (http://localhost:8283/assets/index-CNqQmkd4.js:13:40056)
    at Cu (http://localhost:8283/assets/index-CNqQmkd4.js:13:39206)
    at xu (http://localhost:8283/assets/index-CNqQmkd4.js:13:40056)
    at Cu (http://localhost:8283/assets/index-CNqQmkd4.js:13:39206)
    at vu (http://localhost:8283/assets/index-CNqQmkd4.js:13:39928)
    at Cu (http://localhost:8283/assets/index-CNqQmkd4.js:13:39021) @ http://localhost:8283/assets/index-CNqQmkd4.js:12
[     741ms] [ERROR] TypeError: Cannot set properties of undefined (setting 'connectionLogRef')
    at ref (http://localhost:8283/assets/index-CNqQmkd4.js:819:92958)
    at Jeu (http://localhost:8283/assets/index-CNqQmkd4.js:13:39)
    at nuu (http://localhost:8283/assets/index-CNqQmkd4.js:13:11562)
    at Cu (http://localhost:8283/assets/index-CNqQmkd4.js:13:38823)
    at xu (http://localhost:8283/assets/index-CNqQmkd4.js:13:40056)
    at Cu (http://localhost:8283/assets/index-CNqQmkd4.js:13:39206)
    at xu (http://localhost:8283/assets/index-CNqQmkd4.js:13:40056)
    at Cu (http://localhost:8283/assets/index-CNqQmkd4.js:13:39206)
    at vu (http://localhost:8283/assets/index-CNqQmkd4.js:13:39928)
    at Cu (http://localhost:8283/assets/index-CNqQmkd4.js:13:39021) @ http://localhost:8283/assets/index-CNqQmkd4.js:12
