[     433ms] [LOG] ws://localhost:8282 @ http://localhost:8283/assets/index-aFKm_QFm.js:42
[     435ms] [LOG] %c[PLATFORM] Web background-color: #6366f1; color: white; padding: 3px; border-radius: 3px; @ http://localhost:8283/assets/index-aFKm_QFm.js:42
[     441ms] [LOG] useAuth false @ http://localhost:8283/assets/index-aFKm_QFm.js:280
[     464ms] [LOG] %cOpenMCP Client 启动 background-color: #6366f1; color: white; padding: 3px; border-radius: 3px; @ http://localhost:8283/assets/index-aFKm_QFm.js:42
[     581ms] [LOG] %c准备请求设置 background-color: #6366f1; color: white; padding: 3px; border-radius: 3px; @ http://localhost:8283/assets/index-aFKm_QFm.js:42
[     582ms] [LOG] send {command: lookup-env-var, data: Object} @ http://localhost:8283/assets/index-aFKm_QFm.js:42
[     587ms] [LOG] send {command: setting/load, data: Object} @ http://localhost:8283/assets/index-aFKm_QFm.js:42
[     587ms] [LOG] send {command: setting/get-tour, data: Object} @ http://localhost:8283/assets/index-aFKm_QFm.js:42
[     593ms] [LOG] %c消息桥连接完成 background-color:rgb(100, 200, 100); color: white; padding: 3px; border-radius: 3px; @ http://localhost:8283/assets/index-aFKm_QFm.js:42
[     593ms] [LOG] %cversion: 0.0.1 background-color:rgb(100, 200, 100); color: white; padding: 3px; border-radius: 3px; @ http://localhost:8283/assets/index-aFKm_QFm.js:42
[     606ms] [LOG] send {command: servers/replace-all, data: Object} @ http://localhost:8283/assets/index-aFKm_QFm.js:42
[     607ms] [LOG] %c配置加载成功 background-color: #6366f1; color: white; padding: 3px; border-radius: 3px; @ http://localhost:8283/assets/index-aFKm_QFm.js:42
[     607ms] [LOG] %c获取引导状态成功 true background-color: #6366f1; color: white; padding: 3px; border-radius: 3px; @ http://localhost:8283/assets/index-aFKm_QFm.js:42
[     608ms] [LOG] send {command: connect/list, data: Object} @ http://localhost:8283/assets/index-aFKm_QFm.js:42
[     624ms] [LOG] send {command: servers/list, data: Object} @ http://localhost:8283/assets/index-aFKm_QFm.js:42
[     636ms] [ERROR] TypeError: Cannot set properties of undefined (setting 'connectionSettingRef')
    at ref (http://localhost:8283/assets/index-aFKm_QFm.js:819:92375)
    at Jeu (http://localhost:8283/assets/index-aFKm_QFm.js:13:39)
    at nuu (http://localhost:8283/assets/index-aFKm_QFm.js:13:11562)
    at Cu (http://localhost:8283/assets/index-aFKm_QFm.js:13:38823)
    at xu (http://localhost:8283/assets/index-aFKm_QFm.js:13:40056)
    at Cu (http://localhost:8283/assets/index-aFKm_QFm.js:13:39206)
    at xu (http://localhost:8283/assets/index-aFKm_QFm.js:13:40056)
    at Cu (http://localhost:8283/assets/index-aFKm_QFm.js:13:39206)
    at vu (http://localhost:8283/assets/index-aFKm_QFm.js:13:39928)
    at Cu (http://localhost:8283/assets/index-aFKm_QFm.js:13:39021) @ http://localhost:8283/assets/index-aFKm_QFm.js:12
[     637ms] [ERROR] TypeError: Cannot set properties of undefined (setting 'connectionLogRef')
    at ref (http://localhost:8283/assets/index-aFKm_QFm.js:819:92958)
    at Jeu (http://localhost:8283/assets/index-aFKm_QFm.js:13:39)
    at nuu (http://localhost:8283/assets/index-aFKm_QFm.js:13:11562)
    at Cu (http://localhost:8283/assets/index-aFKm_QFm.js:13:38823)
    at xu (http://localhost:8283/assets/index-aFKm_QFm.js:13:40056)
    at Cu (http://localhost:8283/assets/index-aFKm_QFm.js:13:39206)
    at xu (http://localhost:8283/assets/index-aFKm_QFm.js:13:40056)
    at Cu (http://localhost:8283/assets/index-aFKm_QFm.js:13:39206)
    at vu (http://localhost:8283/assets/index-aFKm_QFm.js:13:39928)
    at Cu (http://localhost:8283/assets/index-aFKm_QFm.js:13:39021) @ http://localhost:8283/assets/index-aFKm_QFm.js:12
[   14369ms] [LOG] send {command: lookup-env-var, data: Object} @ http://localhost:8283/assets/index-aFKm_QFm.js:42
[   14377ms] [LOG] send {command: servers/replace-all, data: Object} @ http://localhost:8283/assets/index-aFKm_QFm.js:42
[   14468ms] [VERBOSE] [DOM] Password field is not contained in a form: (More info: https://goo.gl/9p2vKq) @ http://localhost:8283/connect:0
[   14468ms] [VERBOSE] [DOM] Password field is not contained in a form: (More info: https://goo.gl/9p2vKq) @ http://localhost:8283/connect:0
[   14468ms] [VERBOSE] [DOM] Password field is not contained in a form: (More info: https://goo.gl/9p2vKq) @ http://localhost:8283/connect:0
[   14468ms] [VERBOSE] [DOM] Password field is not contained in a form: (More info: https://goo.gl/9p2vKq) @ http://localhost:8283/connect:0
[   14468ms] [VERBOSE] [DOM] Password field is not contained in a form: (More info: https://goo.gl/9p2vKq) @ http://localhost:8283/connect:0
[   14468ms] [VERBOSE] [DOM] Password field is not contained in a form: (More info: https://goo.gl/9p2vKq) @ http://localhost:8283/connect:0
