[     464ms] [LOG] ws://localhost:8282 @ http://localhost:8283/assets/index-aFKm_QFm.js:42
[     466ms] [LOG] %c[PLATFORM] Web background-color: #6366f1; color: white; padding: 3px; border-radius: 3px; @ http://localhost:8283/assets/index-aFKm_QFm.js:42
[     473ms] [LOG] useAuth false @ http://localhost:8283/assets/index-aFKm_QFm.js:280
[     498ms] [LOG] %cOpenMCP Client 启动 background-color: #6366f1; color: white; padding: 3px; border-radius: 3px; @ http://localhost:8283/assets/index-aFKm_QFm.js:42
[     654ms] [LOG] %c准备请求设置 background-color: #6366f1; color: white; padding: 3px; border-radius: 3px; @ http://localhost:8283/assets/index-aFKm_QFm.js:42
[     656ms] [LOG] send {command: lookup-env-var, data: Object} @ http://localhost:8283/assets/index-aFKm_QFm.js:42
[     656ms] [LOG] send {command: setting/load, data: Object} @ http://localhost:8283/assets/index-aFKm_QFm.js:42
[     656ms] [LOG] send {command: setting/get-tour, data: Object} @ http://localhost:8283/assets/index-aFKm_QFm.js:42
[     661ms] [LOG] %c消息桥连接完成 background-color:rgb(100, 200, 100); color: white; padding: 3px; border-radius: 3px; @ http://localhost:8283/assets/index-aFKm_QFm.js:42
[     661ms] [LOG] %cversion: 0.0.1 background-color:rgb(100, 200, 100); color: white; padding: 3px; border-radius: 3px; @ http://localhost:8283/assets/index-aFKm_QFm.js:42
[     672ms] [LOG] send {command: servers/replace-all, data: Object} @ http://localhost:8283/assets/index-aFKm_QFm.js:42
[     673ms] [LOG] %c配置加载成功 background-color: #6366f1; color: white; padding: 3px; border-radius: 3px; @ http://localhost:8283/assets/index-aFKm_QFm.js:42
[     673ms] [LOG] %c获取引导状态成功 true background-color: #6366f1; color: white; padding: 3px; border-radius: 3px; @ http://localhost:8283/assets/index-aFKm_QFm.js:42
[     674ms] [LOG] send {command: connect/list, data: Object} @ http://localhost:8283/assets/index-aFKm_QFm.js:42
[     680ms] [LOG] send {command: servers/list, data: Object} @ http://localhost:8283/assets/index-aFKm_QFm.js:42
[     686ms] [ERROR] TypeError: Cannot set properties of undefined (setting 'connectionSettingRef')
    at ref (http://localhost:8283/assets/index-aFKm_QFm.js:819:92375)
    at Jeu (http://localhost:8283/assets/index-aFKm_QFm.js:13:39)
    at nuu (http://localhost:8283/assets/index-aFKm_QFm.js:13:11562)
    at Cu (http://localhost:8283/assets/index-aFKm_QFm.js:13:38823)
    at xu (http://localhost:8283/assets/index-aFKm_QFm.js:13:40056)
    at Cu (http://localhost:8283/assets/index-aFKm_QFm.js:13:39206)
    at xu (http://localhost:8283/assets/index-aFKm_QFm.js:13:40056)
    at Cu (http://localhost:8283/assets/index-aFKm_QFm.js:13:39206)
    at vu (http://localhost:8283/assets/index-aFKm_QFm.js:13:39928)
    at Cu (http://localhost:8283/assets/index-aFKm_QFm.js:13:39021) @ http://localhost:8283/assets/index-aFKm_QFm.js:12
[     686ms] [ERROR] TypeError: Cannot set properties of undefined (setting 'connectionLogRef')
    at ref (http://localhost:8283/assets/index-aFKm_QFm.js:819:92958)
    at Jeu (http://localhost:8283/assets/index-aFKm_QFm.js:13:39)
    at nuu (http://localhost:8283/assets/index-aFKm_QFm.js:13:11562)
    at Cu (http://localhost:8283/assets/index-aFKm_QFm.js:13:38823)
    at xu (http://localhost:8283/assets/index-aFKm_QFm.js:13:40056)
    at Cu (http://localhost:8283/assets/index-aFKm_QFm.js:13:39206)
    at xu (http://localhost:8283/assets/index-aFKm_QFm.js:13:40056)
    at Cu (http://localhost:8283/assets/index-aFKm_QFm.js:13:39206)
    at vu (http://localhost:8283/assets/index-aFKm_QFm.js:13:39928)
    at Cu (http://localhost:8283/assets/index-aFKm_QFm.js:13:39021) @ http://localhost:8283/assets/index-aFKm_QFm.js:12
[     687ms] [LOG] go to /connect @ http://localhost:8283/assets/index-aFKm_QFm.js:280
[   61701ms] [LOG] send {command: lookup-env-var, data: Object} @ http://localhost:8283/assets/index-aFKm_QFm.js:42
[   61723ms] [LOG] send {command: servers/replace-all, data: Object} @ http://localhost:8283/assets/index-aFKm_QFm.js:42
[   61801ms] [VERBOSE] [DOM] Password field is not contained in a form: (More info: https://goo.gl/9p2vKq) @ http://localhost:8283/connect:0
[   61801ms] [VERBOSE] [DOM] Password field is not contained in a form: (More info: https://goo.gl/9p2vKq) @ http://localhost:8283/connect:0
[   61801ms] [VERBOSE] [DOM] Password field is not contained in a form: (More info: https://goo.gl/9p2vKq) @ http://localhost:8283/connect:0
[   61801ms] [VERBOSE] [DOM] Password field is not contained in a form: (More info: https://goo.gl/9p2vKq) @ http://localhost:8283/connect:0
[   61801ms] [VERBOSE] [DOM] Password field is not contained in a form: (More info: https://goo.gl/9p2vKq) @ http://localhost:8283/connect:0
[   61801ms] [VERBOSE] [DOM] Password field is not contained in a form: (More info: https://goo.gl/9p2vKq) @ http://localhost:8283/connect:0
[  112120ms] [LOG] ws://localhost:8282 @ http://localhost:8283/assets/index-aFKm_QFm.js:42
[  112120ms] [LOG] %c[PLATFORM] Web background-color: #6366f1; color: white; padding: 3px; border-radius: 3px; @ http://localhost:8283/assets/index-aFKm_QFm.js:42
[  112121ms] [LOG] useAuth false @ http://localhost:8283/assets/index-aFKm_QFm.js:280
[  112127ms] [LOG] %cOpenMCP Client 启动 background-color: #6366f1; color: white; padding: 3px; border-radius: 3px; @ http://localhost:8283/assets/index-aFKm_QFm.js:42
[  112163ms] [LOG] %c准备请求设置 background-color: #6366f1; color: white; padding: 3px; border-radius: 3px; @ http://localhost:8283/assets/index-aFKm_QFm.js:42
[  112163ms] [LOG] send {command: lookup-env-var, data: Object} @ http://localhost:8283/assets/index-aFKm_QFm.js:42
[  112163ms] [LOG] send {command: setting/load, data: Object} @ http://localhost:8283/assets/index-aFKm_QFm.js:42
[  112163ms] [LOG] send {command: setting/get-tour, data: Object} @ http://localhost:8283/assets/index-aFKm_QFm.js:42
[  112164ms] [LOG] %c消息桥连接完成 background-color:rgb(100, 200, 100); color: white; padding: 3px; border-radius: 3px; @ http://localhost:8283/assets/index-aFKm_QFm.js:42
[  112164ms] [LOG] %cversion: 0.0.1 background-color:rgb(100, 200, 100); color: white; padding: 3px; border-radius: 3px; @ http://localhost:8283/assets/index-aFKm_QFm.js:42
[  112169ms] [LOG] send {command: servers/replace-all, data: Object} @ http://localhost:8283/assets/index-aFKm_QFm.js:42
[  112170ms] [LOG] %c配置加载成功 background-color: #6366f1; color: white; padding: 3px; border-radius: 3px; @ http://localhost:8283/assets/index-aFKm_QFm.js:42
[  112170ms] [LOG] %c获取引导状态成功 true background-color: #6366f1; color: white; padding: 3px; border-radius: 3px; @ http://localhost:8283/assets/index-aFKm_QFm.js:42
[  112170ms] [LOG] send {command: connect/list, data: Object} @ http://localhost:8283/assets/index-aFKm_QFm.js:42
[  112177ms] [LOG] send {command: servers/list, data: Object} @ http://localhost:8283/assets/index-aFKm_QFm.js:42
[  112184ms] [ERROR] TypeError: Cannot set properties of undefined (setting 'connectionSettingRef')
    at ref (http://localhost:8283/assets/index-aFKm_QFm.js:819:92375)
    at Jeu (http://localhost:8283/assets/index-aFKm_QFm.js:13:39)
    at nuu (http://localhost:8283/assets/index-aFKm_QFm.js:13:11562)
    at Cu (http://localhost:8283/assets/index-aFKm_QFm.js:13:38823)
    at xu (http://localhost:8283/assets/index-aFKm_QFm.js:13:40056)
    at Cu (http://localhost:8283/assets/index-aFKm_QFm.js:13:39206)
    at xu (http://localhost:8283/assets/index-aFKm_QFm.js:13:40056)
    at Cu (http://localhost:8283/assets/index-aFKm_QFm.js:13:39206)
    at vu (http://localhost:8283/assets/index-aFKm_QFm.js:13:39928)
    at Cu (http://localhost:8283/assets/index-aFKm_QFm.js:13:39021) @ http://localhost:8283/assets/index-aFKm_QFm.js:12
[  112184ms] [ERROR] TypeError: Cannot set properties of undefined (setting 'connectionLogRef')
    at ref (http://localhost:8283/assets/index-aFKm_QFm.js:819:92958)
    at Jeu (http://localhost:8283/assets/index-aFKm_QFm.js:13:39)
    at nuu (http://localhost:8283/assets/index-aFKm_QFm.js:13:11562)
    at Cu (http://localhost:8283/assets/index-aFKm_QFm.js:13:38823)
    at xu (http://localhost:8283/assets/index-aFKm_QFm.js:13:40056)
    at Cu (http://localhost:8283/assets/index-aFKm_QFm.js:13:39206)
    at xu (http://localhost:8283/assets/index-aFKm_QFm.js:13:40056)
    at Cu (http://localhost:8283/assets/index-aFKm_QFm.js:13:39206)
    at vu (http://localhost:8283/assets/index-aFKm_QFm.js:13:39928)
    at Cu (http://localhost:8283/assets/index-aFKm_QFm.js:13:39021) @ http://localhost:8283/assets/index-aFKm_QFm.js:12
[  114214ms] [LOG] ws://localhost:8282 @ http://localhost:8283/assets/index-aFKm_QFm.js:42
[  114214ms] [LOG] %c[PLATFORM] Web background-color: #6366f1; color: white; padding: 3px; border-radius: 3px; @ http://localhost:8283/assets/index-aFKm_QFm.js:42
[  114215ms] [LOG] useAuth false @ http://localhost:8283/assets/index-aFKm_QFm.js:280
[  114221ms] [LOG] %cOpenMCP Client 启动 background-color: #6366f1; color: white; padding: 3px; border-radius: 3px; @ http://localhost:8283/assets/index-aFKm_QFm.js:42
[  114251ms] [LOG] %c准备请求设置 background-color: #6366f1; color: white; padding: 3px; border-radius: 3px; @ http://localhost:8283/assets/index-aFKm_QFm.js:42
[  114251ms] [LOG] send {command: lookup-env-var, data: Object} @ http://localhost:8283/assets/index-aFKm_QFm.js:42
[  114252ms] [LOG] send {command: setting/load, data: Object} @ http://localhost:8283/assets/index-aFKm_QFm.js:42
[  114252ms] [LOG] send {command: setting/get-tour, data: Object} @ http://localhost:8283/assets/index-aFKm_QFm.js:42
[  114257ms] [LOG] %c消息桥连接完成 background-color:rgb(100, 200, 100); color: white; padding: 3px; border-radius: 3px; @ http://localhost:8283/assets/index-aFKm_QFm.js:42
[  114257ms] [LOG] %cversion: 0.0.1 background-color:rgb(100, 200, 100); color: white; padding: 3px; border-radius: 3px; @ http://localhost:8283/assets/index-aFKm_QFm.js:42
[  114262ms] [LOG] send {command: servers/replace-all, data: Object} @ http://localhost:8283/assets/index-aFKm_QFm.js:42
[  114262ms] [LOG] %c配置加载成功 background-color: #6366f1; color: white; padding: 3px; border-radius: 3px; @ http://localhost:8283/assets/index-aFKm_QFm.js:42
[  114262ms] [LOG] %c获取引导状态成功 true background-color: #6366f1; color: white; padding: 3px; border-radius: 3px; @ http://localhost:8283/assets/index-aFKm_QFm.js:42
[  114263ms] [LOG] send {command: connect/list, data: Object} @ http://localhost:8283/assets/index-aFKm_QFm.js:42
[  114267ms] [LOG] send {command: servers/list, data: Object} @ http://localhost:8283/assets/index-aFKm_QFm.js:42
[  114268ms] [ERROR] TypeError: Cannot set properties of undefined (setting 'connectionSettingRef')
    at ref (http://localhost:8283/assets/index-aFKm_QFm.js:819:92375)
    at Jeu (http://localhost:8283/assets/index-aFKm_QFm.js:13:39)
    at nuu (http://localhost:8283/assets/index-aFKm_QFm.js:13:11562)
    at Cu (http://localhost:8283/assets/index-aFKm_QFm.js:13:38823)
    at xu (http://localhost:8283/assets/index-aFKm_QFm.js:13:40056)
    at Cu (http://localhost:8283/assets/index-aFKm_QFm.js:13:39206)
    at xu (http://localhost:8283/assets/index-aFKm_QFm.js:13:40056)
    at Cu (http://localhost:8283/assets/index-aFKm_QFm.js:13:39206)
    at vu (http://localhost:8283/assets/index-aFKm_QFm.js:13:39928)
    at Cu (http://localhost:8283/assets/index-aFKm_QFm.js:13:39021) @ http://localhost:8283/assets/index-aFKm_QFm.js:12
[  114268ms] [ERROR] TypeError: Cannot set properties of undefined (setting 'connectionLogRef')
    at ref (http://localhost:8283/assets/index-aFKm_QFm.js:819:92958)
    at Jeu (http://localhost:8283/assets/index-aFKm_QFm.js:13:39)
    at nuu (http://localhost:8283/assets/index-aFKm_QFm.js:13:11562)
    at Cu (http://localhost:8283/assets/index-aFKm_QFm.js:13:38823)
    at xu (http://localhost:8283/assets/index-aFKm_QFm.js:13:40056)
    at Cu (http://localhost:8283/assets/index-aFKm_QFm.js:13:39206)
    at xu (http://localhost:8283/assets/index-aFKm_QFm.js:13:40056)
    at Cu (http://localhost:8283/assets/index-aFKm_QFm.js:13:39206)
    at vu (http://localhost:8283/assets/index-aFKm_QFm.js:13:39928)
    at Cu (http://localhost:8283/assets/index-aFKm_QFm.js:13:39021) @ http://localhost:8283/assets/index-aFKm_QFm.js:12
[  116221ms] [LOG] send {command: lookup-env-var, data: Object} @ http://localhost:8283/assets/index-aFKm_QFm.js:42
[  116230ms] [LOG] send {command: servers/replace-all, data: Object} @ http://localhost:8283/assets/index-aFKm_QFm.js:42
[  116320ms] [VERBOSE] [DOM] Password field is not contained in a form: (More info: https://goo.gl/9p2vKq) @ http://localhost:8283/connect:0
[  116320ms] [VERBOSE] [DOM] Password field is not contained in a form: (More info: https://goo.gl/9p2vKq) @ http://localhost:8283/connect:0
[  116320ms] [VERBOSE] [DOM] Password field is not contained in a form: (More info: https://goo.gl/9p2vKq) @ http://localhost:8283/connect:0
[  116320ms] [VERBOSE] [DOM] Password field is not contained in a form: (More info: https://goo.gl/9p2vKq) @ http://localhost:8283/connect:0
[  116320ms] [VERBOSE] [DOM] Password field is not contained in a form: (More info: https://goo.gl/9p2vKq) @ http://localhost:8283/connect:0
[  116320ms] [VERBOSE] [DOM] Password field is not contained in a form: (More info: https://goo.gl/9p2vKq) @ http://localhost:8283/connect:0
