[     149ms] [LOG] ws://localhost:8282 @ http://localhost:8283/assets/index-BWi8SUmV.js:42
[     150ms] [LOG] %c[PLATFORM] Web background-color: #6366f1; color: white; padding: 3px; border-radius: 3px; @ http://localhost:8283/assets/index-BWi8SUmV.js:42
[     152ms] [LOG] useAuth false @ http://localhost:8283/assets/index-BWi8SUmV.js:280
[     159ms] [LOG] %cOpenMCP Client 启动 background-color: #6366f1; color: white; padding: 3px; border-radius: 3px; @ http://localhost:8283/assets/index-BWi8SUmV.js:42
[     240ms] [LOG] %c准备请求设置 background-color: #6366f1; color: white; padding: 3px; border-radius: 3px; @ http://localhost:8283/assets/index-BWi8SUmV.js:42
[     241ms] [LOG] send {command: setting/load, data: Object} @ http://localhost:8283/assets/index-BWi8SUmV.js:42
[     241ms] [LOG] send {command: setting/get-tour, data: Object} @ http://localhost:8283/assets/index-BWi8SUmV.js:42
[     244ms] [LOG] %c消息桥连接完成 background-color:rgb(100, 200, 100); color: white; padding: 3px; border-radius: 3px; @ http://localhost:8283/assets/index-BWi8SUmV.js:42
[     244ms] [LOG] %cversion: 0.0.1 background-color:rgb(100, 200, 100); color: white; padding: 3px; border-radius: 3px; @ http://localhost:8283/assets/index-BWi8SUmV.js:42
[     245ms] [LOG] %c配置加载成功 background-color: #6366f1; color: white; padding: 3px; border-radius: 3px; @ http://localhost:8283/assets/index-BWi8SUmV.js:42
[     245ms] [LOG] %c获取引导状态成功 true background-color: #6366f1; color: white; padding: 3px; border-radius: 3px; @ http://localhost:8283/assets/index-BWi8SUmV.js:42
[     245ms] [LOG] send {command: connect/list, data: Object} @ http://localhost:8283/assets/index-BWi8SUmV.js:42
[     248ms] [LOG] send {command: servers/list, data: Object} @ http://localhost:8283/assets/index-BWi8SUmV.js:42
[   11373ms] [LOG] send {command: lookup-env-var, data: Object} @ http://localhost:8283/assets/index-BWi8SUmV.js:42
[   11420ms] [LOG] send {command: servers/replace-all, data: Object} @ http://localhost:8283/assets/index-BWi8SUmV.js:42
[   11467ms] [VERBOSE] [DOM] Password field is not contained in a form: (More info: https://goo.gl/9p2vKq) @ http://localhost:8283/connect:0
[   11467ms] [VERBOSE] [DOM] Password field is not contained in a form: (More info: https://goo.gl/9p2vKq) @ http://localhost:8283/connect:0
[   11467ms] [VERBOSE] [DOM] Password field is not contained in a form: (More info: https://goo.gl/9p2vKq) @ http://localhost:8283/connect:0
[   11467ms] [VERBOSE] [DOM] Password field is not contained in a form: (More info: https://goo.gl/9p2vKq) @ http://localhost:8283/connect:0
[   11467ms] [VERBOSE] [DOM] Password field is not contained in a form: (More info: https://goo.gl/9p2vKq) @ http://localhost:8283/connect:0
[   11467ms] [VERBOSE] [DOM] Password field is not contained in a form: (More info: https://goo.gl/9p2vKq) @ http://localhost:8283/connect:0
[  106635ms] [LOG] %cWebSocket connection closed background-color:rgb(227, 91, 49); color: white; padding: 3px; border-radius: 3px; @ http://localhost:8283/assets/index-BWi8SUmV.js:42
[  726034ms] [VERBOSE] [DOM] Password field is not contained in a form: (More info: https://goo.gl/9p2vKq) @ http://localhost:8283/connect:0
[  726039ms] [VERBOSE] [DOM] Password field is not contained in a form: (More info: https://goo.gl/9p2vKq) @ http://localhost:8283/connect:0
[  726039ms] [VERBOSE] [DOM] Password field is not contained in a form: (More info: https://goo.gl/9p2vKq) @ http://localhost:8283/connect:0
[  726039ms] [VERBOSE] [DOM] Password field is not contained in a form: (More info: https://goo.gl/9p2vKq) @ http://localhost:8283/connect:0
[  726039ms] [VERBOSE] [DOM] Password field is not contained in a form: (More info: https://goo.gl/9p2vKq) @ http://localhost:8283/connect:0
[  726039ms] [VERBOSE] [DOM] Password field is not contained in a form: (More info: https://goo.gl/9p2vKq) @ http://localhost:8283/connect:0
